00:01.125  blend            | Read blend: "C:\Users\Admin\Documents\dos-blender\assets\DOS_Discovery_Office.blend"
INFO Draco is available, use library at C:\Program Files\Blender Foundation\Blender 5.2\5.2\scripts\addons_core\io_scene_gltf2\bf_intern_draco_bridge.dll
INFO MeshOptimizer is available, use library at C:\Program Files\Blender Foundation\Blender 5.2\5.2\scripts\addons_core\io_scene_gltf2\bf_intern_meshopt_bridge.dll
22:10:41 | INFO: Starting glTF 2.0 export
22:10:41 | INFO: Extracting primitive: Cube.062
22:10:41 | INFO: Primitives created: 1
22:10:41 | INFO: Extracting primitive: Cube.003
22:10:41 | INFO: Primitives created: 1
22:10:41 | INFO: Extracting primitive: Cube.121
22:10:41 | INFO: Primitives created: 1
22:10:41 | INFO: Extracting primitive: Cube.133
22:10:41 | INFO: Primitives created: 1
22:10:41 | INFO: Extracting primitive: Cube.145
22:10:41 | INFO: Primitives created: 1
22:10:41 | INFO: Extracting primitive: Cube.157
22:10:41 | INFO: Primitives created: 1
22:10:41 | INFO: Extracting primitive: Cube.120
22:10:41 | INFO: Primitives created: 1
22:10:41 | INFO: Extracting primitive: Cube.132
22:10:41 | INFO: Primitives created: 1
22:10:41 | INFO: Extracting primitive: Cube.144
22:10:41 | INFO: Primitives created: 1
22:10:41 | INFO: Extracting primitive: Cube.156
22:10:41 | INFO: Primitives created: 1
22:10:41 | INFO: Extracting primitive: Cube.122
22:10:41 | INFO: Primitives created: 1
22:10:41 | INFO: Extracting primitive: Cube.123
22:10:41 | INFO: Primitives created: 1
22:10:41 | INFO: Extracting primitive: Cube.124
22:10:41 | INFO: Primitives created: 1
22:10:41 | INFO: Extracting primitive: Cube.125
22:10:41 | INFO: Primitives created: 1
22:10:41 | INFO: Extracting primitive: Cube.134
22:10:41 | INFO: Primitives created: 1
22:10:41 | INFO: Extracting primitive: Cube.135
22:10:41 | INFO: Primitives created: 1
22:10:41 | INFO: Extracting primitive: Cube.136
22:10:41 | INFO: Primitives created: 1
22:10:41 | INFO: Extracting primitive: Cube.137
22:10:41 | INFO: Primitives created: 1
22:10:41 | INFO: Extracting primitive: Cube.146
22:10:41 | INFO: Primitives created: 1
22:10:41 | INFO: Extracting primitive: Cube.147
22:10:41 | INFO: Primitives created: 1
22:10:41 | INFO: Extracting primitive: Cube.148
22:10:41 | INFO: Primitives created: 1
22:10:41 | INFO: Extracting primitive: Cube.149
22:10:41 | INFO: Primitives created: 1
22:10:41 | INFO: Extracting primitive: Cube.158
22:10:41 | INFO: Primitives created: 1
22:10:41 | INFO: Extracting primitive: Cube.159
22:10:41 | INFO: Primitives created: 1
22:10:41 | INFO: Extracting primitive: Cube.160
22:10:41 | INFO: Primitives created: 1
22:10:41 | INFO: Extracting primitive: Cube.161
22:10:41 | INFO: Primitives created: 1
22:10:41 | INFO: Extracting primitive: Text.035
22:10:41 | INFO: Primitives created: 1
22:10:41 | INFO: Extracting primitive: Text.001
22:10:41 | INFO: Primitives created: 1
22:10:41 | INFO: Extracting primitive: Cube.114
22:10:41 | INFO: Primitives created: 1
22:10:41 | INFO: Extracting primitive: Cube.115
22:10:41 | INFO: Primitives created: 1
22:10:41 | INFO: Extracting primitive: Cube.116
22:10:41 | INFO: Primitives created: 1
22:10:41 | INFO: Extracting primitive: Cube.127
22:10:41 | INFO: Primitives created: 1
22:10:41 | INFO: Extracting primitive: Cube.128
22:10:41 | INFO: Primitives created: 1
22:10:41 | INFO: Extracting primitive: Cube.139
22:10:41 | INFO: Primitives created: 1
22:10:41 | INFO: Extracting primitive: Cube.140
22:10:41 | INFO: Primitives created: 1
22:10:41 | INFO: Extracting primitive: Cube.151
22:10:41 | INFO: Primitives created: 1
22:10:41 | INFO: Extracting primitive: Cube.152
22:10:41 | INFO: Primitives created: 1
22:10:41 | INFO: Extracting primitive: Cube.126
22:10:41 | INFO: Primitives created: 1
22:10:41 | INFO: Extracting primitive: Cube.138
22:10:41 | INFO: Primitives created: 1
22:10:41 | INFO: Extracting primitive: Cube.150
22:10:41 | INFO: Primitives created: 1
22:10:41 | INFO: Extracting primitive: Cube.118
22:10:41 | INFO: Primitives created: 1
22:10:41 | INFO: Extracting primitive: Cube.073
22:10:41 | INFO: Primitives created: 1
22:10:41 | INFO: Extracting primitive: Cube.088
22:10:41 | INFO: Primitives created: 1
22:10:41 | INFO: Extracting primitive: Cube.098
22:10:41 | INFO: Primitives created: 1
22:10:41 | INFO: Extracting primitive: Cube.108
22:10:41 | INFO: Primitives created: 1
22:10:41 | INFO: Extracting primitive: Cube.072
22:10:41 | INFO: Primitives created: 1
22:10:41 | INFO: Extracting primitive: Cube.087
22:10:41 | INFO: Primitives created: 1
22:10:41 | INFO: Extracting primitive: Cube.097
22:10:41 | INFO: Primitives created: 1
22:10:41 | INFO: Extracting primitive: Cube.107
22:10:41 | INFO: Primitives created: 1
22:10:41 | INFO: Extracting primitive: Cube.130
22:10:41 | INFO: Primitives created: 1
22:10:41 | INFO: Extracting primitive: Cube.142
22:10:41 | INFO: Primitives created: 1
22:10:41 | INFO: Extracting primitive: Cube.154
22:10:41 | INFO: Primitives created: 1
22:10:41 | INFO: Extracting primitive: Cube.083
22:10:41 | INFO: Primitives created: 1
22:10:41 | INFO: Extracting primitive: Cube.093
22:10:41 | INFO: Primitives created: 1
22:10:41 | INFO: Extracting primitive: Cube.103
22:10:41 | INFO: Primitives created: 1
22:10:41 | INFO: Extracting primitive: Cube.113
22:10:41 | INFO: Primitives created: 1
22:10:41 | INFO: Extracting primitive: Text
22:10:41 | INFO: Primitives created: 1
22:10:41 | INFO: Extracting primitive: Text.034
22:10:41 | INFO: Primitives created: 1
22:10:41 | INFO: Extracting primitive: Cube.027
22:10:41 | INFO: Primitives created: 1
22:10:41 | INFO: Extracting primitive: Cube.028
22:10:41 | INFO: Primitives created: 1
22:10:41 | INFO: Extracting primitive: Cube.086
22:10:41 | INFO: Primitives created: 1
22:10:41 | INFO: Extracting primitive: Cube.096
22:10:41 | INFO: Primitives created: 1
22:10:41 | INFO: Extracting primitive: Cube.071
22:10:41 | INFO: Primitives created: 1
22:10:41 | INFO: Extracting primitive: Cube.106
22:10:41 | INFO: Primitives created: 1
22:10:41 | INFO: Extracting primitive: Cube.085
22:10:41 | INFO: Primitives created: 1
22:10:41 | INFO: Extracting primitive: Cube.095
22:10:41 | INFO: Primitives created: 1
22:10:41 | INFO: Extracting primitive: Cube.070
22:10:41 | INFO: Primitives created: 1
22:10:41 | INFO: Extracting primitive: Cube.105
22:10:41 | INFO: Primitives created: 1
22:10:41 | INFO: Extracting primitive: Cube.002
22:10:41 | INFO: Primitives created: 1
22:10:41 | INFO: Extracting primitive: Text.009
22:10:41 | INFO: Primitives created: 1
22:10:41 | INFO: Extracting primitive: Text.017
22:10:41 | INFO: Primitives created: 1
22:10:41 | INFO: Extracting primitive: Text.025
22:10:41 | INFO: Primitives created: 1
22:10:41 | INFO: Extracting primitive: Text.033
22:10:41 | INFO: Primitives created: 1
22:10:41 | INFO: Extracting primitive: Sphere
22:10:41 | INFO: Primitives created: 1
22:10:41 | INFO: Extracting primitive: Sphere.001
22:10:41 | INFO: Primitives created: 1
22:10:41 | INFO: Extracting primitive: Sphere.002
22:10:41 | INFO: Primitives created: 1
22:10:41 | INFO: Extracting primitive: Sphere.003
22:10:41 | INFO: Primitives created: 1
22:10:41 | INFO: Extracting primitive: Sphere.004
22:10:41 | INFO: Primitives created: 1
22:10:41 | INFO: Extracting primitive: Sphere.005
22:10:41 | INFO: Primitives created: 1
22:10:41 | INFO: Extracting primitive: Sphere.006
22:10:41 | INFO: Primitives created: 1
22:10:41 | INFO: Extracting primitive: Sphere.007
22:10:41 | INFO: Primitives created: 1
22:10:41 | INFO: Extracting primitive: Sphere.008
22:10:41 | INFO: Primitives created: 1
22:10:41 | INFO: Extracting primitive: Sphere.009
22:10:41 | INFO: Primitives created: 1
22:10:41 | INFO: Extracting primitive: Sphere.010
22:10:41 | INFO: Primitives created: 1
22:10:41 | INFO: Extracting primitive: Sphere.011
22:10:41 | INFO: Primitives created: 1
22:10:41 | INFO: Extracting primitive: Sphere.012
22:10:41 | INFO: Primitives created: 1
22:10:41 | INFO: Extracting primitive: Sphere.013
22:10:41 | INFO: Primitives created: 1
22:10:41 | INFO: Extracting primitive: Sphere.014
22:10:41 | INFO: Primitives created: 1
22:10:41 | INFO: Extracting primitive: Sphere.015
22:10:41 | INFO: Primitives created: 1
22:10:41 | INFO: Extracting primitive: Sphere.016
22:10:41 | INFO: Primitives created: 1
22:10:41 | INFO: Extracting primitive: Sphere.017
22:10:41 | INFO: Primitives created: 1
22:10:41 | INFO: Extracting primitive: Sphere.018
22:10:41 | INFO: Primitives created: 1
22:10:41 | INFO: Extracting primitive: Sphere.019
22:10:41 | INFO: Primitives created: 1
22:10:41 | INFO: Extracting primitive: Sphere.020
22:10:41 | INFO: Primitives created: 1
22:10:41 | INFO: Extracting primitive: Sphere.021
22:10:41 | INFO: Primitives created: 1
22:10:41 | INFO: Extracting primitive: Sphere.022
22:10:41 | INFO: Primitives created: 1
22:10:41 | INFO: Extracting primitive: Sphere.023
22:10:41 | INFO: Primitives created: 1
22:10:41 | INFO: Extracting primitive: Sphere.024
22:10:41 | INFO: Primitives created: 1
22:10:41 | INFO: Extracting primitive: Sphere.025
22:10:41 | INFO: Primitives created: 1
22:10:41 | INFO: Extracting primitive: Sphere.026
22:10:41 | INFO: Primitives created: 1
22:10:41 | INFO: Extracting primitive: Sphere.027
22:10:41 | INFO: Primitives created: 1
22:10:41 | INFO: Extracting primitive: Sphere.028
22:10:41 | INFO: Primitives created: 1
22:10:41 | INFO: Extracting primitive: Sphere.029
22:10:41 | INFO: Primitives created: 1
22:10:41 | INFO: Extracting primitive: Sphere.030
22:10:41 | INFO: Primitives created: 1
22:10:41 | INFO: Extracting primitive: Sphere.031
22:10:41 | INFO: Primitives created: 1
22:10:41 | INFO: Extracting primitive: Sphere.032
22:10:41 | INFO: Primitives created: 1
22:10:41 | INFO: Extracting primitive: Sphere.033
22:10:41 | INFO: Primitives created: 1
22:10:41 | INFO: Extracting primitive: Sphere.034
22:10:41 | INFO: Primitives created: 1
22:10:41 | INFO: Extracting primitive: Sphere.035
22:10:41 | INFO: Primitives created: 1
22:10:41 | INFO: Extracting primitive: Sphere.036
22:10:41 | INFO: Primitives created: 1
22:10:41 | INFO: Extracting primitive: Sphere.037
22:10:41 | INFO: Primitives created: 1
22:10:41 | INFO: Extracting primitive: Sphere.038
22:10:41 | INFO: Primitives created: 1
22:10:41 | INFO: Extracting primitive: Sphere.039
22:10:41 | INFO: Primitives created: 1
22:10:41 | INFO: Extracting primitive: Sphere.040
22:10:41 | INFO: Primitives created: 1
22:10:41 | INFO: Extracting primitive: Sphere.041
22:10:41 | INFO: Primitives created: 1
22:10:41 | INFO: Extracting primitive: Sphere.042
22:10:41 | INFO: Primitives created: 1
22:10:41 | INFO: Extracting primitive: Sphere.043
22:10:41 | INFO: Primitives created: 1
22:10:41 | INFO: Extracting primitive: Sphere.044
22:10:41 | INFO: Primitives created: 1
22:10:41 | INFO: Extracting primitive: Sphere.045
22:10:41 | INFO: Primitives created: 1
22:10:41 | INFO: Extracting primitive: Sphere.046
22:10:41 | INFO: Primitives created: 1
22:10:41 | INFO: Extracting primitive: Sphere.047
22:10:41 | INFO: Primitives created: 1
22:10:41 | INFO: Extracting primitive: Sphere.048
22:10:41 | INFO: Primitives created: 1
22:10:41 | INFO: Extracting primitive: Sphere.049
22:10:41 | INFO: Primitives created: 1
22:10:41 | INFO: Extracting primitive: Sphere.050
22:10:41 | INFO: Primitives created: 1
22:10:41 | INFO: Extracting primitive: Sphere.051
22:10:41 | INFO: Primitives created: 1
22:10:41 | INFO: Extracting primitive: Sphere.052
22:10:41 | INFO: Primitives created: 1
22:10:41 | INFO: Extracting primitive: Sphere.053
22:10:41 | INFO: Primitives created: 1
22:10:41 | INFO: Extracting primitive: Sphere.054
22:10:41 | INFO: Primitives created: 1
22:10:41 | INFO: Extracting primitive: Sphere.055
22:10:41 | INFO: Primitives created: 1
22:10:41 | INFO: Extracting primitive: Sphere.056
22:10:41 | INFO: Primitives created: 1
22:10:41 | INFO: Extracting primitive: Sphere.057
22:10:41 | INFO: Primitives created: 1
22:10:41 | INFO: Extracting primitive: Sphere.058
22:10:41 | INFO: Primitives created: 1
22:10:41 | INFO: Extracting primitive: Sphere.059
22:10:41 | INFO: Primitives created: 1
22:10:41 | INFO: Extracting primitive: Sphere.060
22:10:41 | INFO: Primitives created: 1
22:10:41 | INFO: Extracting primitive: Sphere.061
22:10:41 | INFO: Primitives created: 1
22:10:41 | INFO: Extracting primitive: Sphere.062
22:10:41 | INFO: Primitives created: 1
22:10:41 | INFO: Extracting primitive: Sphere.063
22:10:41 | INFO: Primitives created: 1
22:10:41 | INFO: Extracting primitive: Sphere.064
22:10:41 | INFO: Primitives created: 1
22:10:41 | INFO: Extracting primitive: Sphere.065
22:10:41 | INFO: Primitives created: 1
22:10:41 | INFO: Extracting primitive: Sphere.066
22:10:41 | INFO: Primitives created: 1
22:10:41 | INFO: Extracting primitive: Sphere.067
22:10:41 | INFO: Primitives created: 1
22:10:41 | INFO: Extracting primitive: Sphere.068
22:10:41 | INFO: Primitives created: 1
22:10:41 | INFO: Extracting primitive: Sphere.069
22:10:41 | INFO: Primitives created: 1
22:10:41 | INFO: Extracting primitive: Sphere.070
22:10:41 | INFO: Primitives created: 1
22:10:41 | INFO: Extracting primitive: Sphere.071
22:10:41 | INFO: Primitives created: 1
22:10:41 | INFO: Extracting primitive: Sphere.072
22:10:41 | INFO: Primitives created: 1
22:10:41 | INFO: Extracting primitive: Sphere.073
22:10:41 | INFO: Primitives created: 1
22:10:41 | INFO: Extracting primitive: Sphere.074
22:10:41 | INFO: Primitives created: 1
22:10:41 | INFO: Extracting primitive: Sphere.075
22:10:41 | INFO: Primitives created: 1
22:10:41 | INFO: Extracting primitive: Sphere.076
22:10:41 | INFO: Primitives created: 1
22:10:41 | INFO: Extracting primitive: Sphere.077
22:10:41 | INFO: Primitives created: 1
22:10:41 | INFO: Extracting primitive: Sphere.078
22:10:41 | INFO: Primitives created: 1
22:10:41 | INFO: Extracting primitive: Sphere.079
22:10:41 | INFO: Primitives created: 1
22:10:41 | INFO: Extracting primitive: Cube.001
22:10:41 | INFO: Primitives created: 1
22:10:41 | INFO: Extracting primitive: Cube.084
22:10:41 | INFO: Primitives created: 1
22:10:41 | INFO: Extracting primitive: Cube.094
22:10:41 | INFO: Primitives created: 1
22:10:41 | INFO: Extracting primitive: Cube.069
22:10:41 | INFO: Primitives created: 1
22:10:41 | INFO: Extracting primitive: Cube.104
22:10:41 | INFO: Primitives created: 1
22:10:41 | INFO: Extracting primitive: Cube.165
22:10:41 | INFO: Primitives created: 1
22:10:41 | INFO: Extracting primitive: Cube.166
22:10:41 | INFO: Primitives created: 1
22:10:41 | INFO: Extracting primitive: Cube.167
22:10:41 | INFO: Primitives created: 1
22:10:41 | INFO: Extracting primitive: Cube.168
22:10:41 | INFO: Primitives created: 1
22:10:41 | INFO: Extracting primitive: Text.007
22:10:41 | INFO: Primitives created: 1
22:10:41 | INFO: Extracting primitive: Cube.074
22:10:41 | INFO: Primitives created: 1
22:10:41 | INFO: Extracting primitive: Cube.075
22:10:41 | INFO: Primitives created: 1
22:10:41 | INFO: Extracting primitive: Cube.076
22:10:41 | INFO: Primitives created: 1
22:10:41 | INFO: Extracting primitive: Cube.077
22:10:41 | INFO: Primitives created: 1
22:10:41 | INFO: Extracting primitive: Cube.078
22:10:41 | INFO: Primitives created: 1
22:10:41 | INFO: Extracting primitive: Text.008
22:10:41 | INFO: Primitives created: 1
22:10:41 | INFO: Extracting primitive: Text.016
22:10:41 | INFO: Primitives created: 1
22:10:41 | INFO: Extracting primitive: Text.024
22:10:41 | INFO: Primitives created: 1
22:10:41 | INFO: Extracting primitive: Text.032
22:10:41 | INFO: Primitives created: 1
22:10:41 | INFO: Extracting primitive: Cube.089
22:10:41 | INFO: Primitives created: 1
22:10:41 | INFO: Extracting primitive: Cube.099
22:10:41 | INFO: Primitives created: 1
22:10:41 | INFO: Extracting primitive: Cube.079
22:10:41 | INFO: Primitives created: 1
22:10:41 | INFO: Extracting primitive: Cube.109
22:10:41 | INFO: Primitives created: 1
22:10:41 | INFO: Extracting primitive: Cube.080
22:10:41 | INFO: Primitives created: 1
22:10:41 | INFO: Extracting primitive: Cube.090
22:10:41 | INFO: Primitives created: 1
22:10:41 | INFO: Extracting primitive: Cube.100
22:10:41 | INFO: Primitives created: 1
22:10:41 | INFO: Extracting primitive: Cube.110
22:10:41 | INFO: Primitives created: 1
22:10:41 | INFO: Extracting primitive: Cube.119
22:10:41 | INFO: Primitives created: 1
22:10:41 | INFO: Extracting primitive: Cube.131
22:10:41 | INFO: Primitives created: 1
22:10:41 | INFO: Extracting primitive: Cube.143
22:10:41 | INFO: Primitives created: 1
22:10:41 | INFO: Extracting primitive: Cube.155
22:10:41 | INFO: Primitives created: 1
22:10:41 | INFO: Extracting primitive: Cube.066
22:10:41 | INFO: Primitives created: 1
22:10:41 | INFO: Extracting primitive: Cube.068
22:10:41 | INFO: Primitives created: 1
22:10:41 | INFO: Extracting primitive: Cube.065
22:10:41 | INFO: Primitives created: 1
22:10:41 | INFO: Extracting primitive: Cube.067
22:10:41 | INFO: Primitives created: 1
22:10:41 | INFO: Extracting primitive: Cylinder.004
22:10:41 | INFO: Primitives created: 1
22:10:41 | INFO: Extracting primitive: Cylinder.007
22:10:41 | INFO: Primitives created: 1
22:10:41 | INFO: Extracting primitive: Cube.117
22:10:41 | INFO: Primitives created: 1
22:10:41 | INFO: Extracting primitive: Cylinder.018
22:10:41 | INFO: Primitives created: 1
22:10:41 | INFO: Extracting primitive: Cylinder.019
22:10:41 | INFO: Primitives created: 1
22:10:41 | INFO: Extracting primitive: Cylinder.020
22:10:41 | INFO: Primitives created: 1
22:10:41 | INFO: Extracting primitive: Cylinder.021
22:10:41 | INFO: Primitives created: 1
22:10:41 | INFO: Extracting primitive: Cube.129
22:10:41 | INFO: Primitives created: 1
22:10:41 | INFO: Extracting primitive: Cube.141
22:10:41 | INFO: Primitives created: 1
22:10:41 | INFO: Extracting primitive: Cube.153
22:10:41 | INFO: Primitives created: 1
22:10:41 | INFO: Extracting primitive: Text.037
22:10:41 | INFO: Primitives created: 1
22:10:41 | INFO: Extracting primitive: Text.036
22:10:41 | INFO: Primitives created: 1
22:10:41 | INFO: Extracting primitive: Cube.006
22:10:41 | INFO: Primitives created: 1
22:10:41 | INFO: Extracting primitive: Cube.162
22:10:41 | INFO: Primitives created: 1
22:10:41 | INFO: Extracting primitive: Cube.163
22:10:41 | INFO: Primitives created: 1
22:10:41 | INFO: Extracting primitive: Cube.164
22:10:41 | INFO: Primitives created: 1
22:10:41 | INFO: Extracting primitive: Cylinder
22:10:41 | INFO: Primitives created: 1
22:10:41 | INFO: Extracting primitive: Cylinder.002
22:10:41 | INFO: Primitives created: 1
22:10:41 | INFO: Extracting primitive: Cylinder.005
22:10:41 | INFO: Primitives created: 1
22:10:41 | INFO: Extracting primitive: Cylinder.008
22:10:41 | INFO: Primitives created: 1
22:10:41 | INFO: Extracting primitive: Cylinder.010
22:10:41 | INFO: Primitives created: 1
22:10:41 | INFO: Extracting primitive: Cylinder.012
22:10:41 | INFO: Primitives created: 1
22:10:41 | INFO: Extracting primitive: Cylinder.014
22:10:41 | INFO: Primitives created: 1
22:10:41 | INFO: Extracting primitive: Cylinder.016
22:10:41 | INFO: Primitives created: 1
22:10:41 | INFO: Extracting primitive: Cube.063
22:10:41 | INFO: Primitives created: 1
22:10:41 | INFO: Extracting primitive: Cube.029
22:10:41 | INFO: Primitives created: 1
22:10:41 | INFO: Extracting primitive: Cube.064
22:10:41 | INFO: Primitives created: 1
22:10:41 | INFO: Extracting primitive: Cube.081
22:10:41 | INFO: Primitives created: 1
22:10:41 | INFO: Extracting primitive: Cube.082
22:10:41 | INFO: Primitives created: 1
22:10:41 | INFO: Extracting primitive: Cube.091
22:10:41 | INFO: Primitives created: 1
22:10:41 | INFO: Extracting primitive: Cube.092
22:10:41 | INFO: Primitives created: 1
22:10:41 | INFO: Extracting primitive: Cube.101
22:10:41 | INFO: Primitives created: 1
22:10:41 | INFO: Extracting primitive: Cube.102
22:10:41 | INFO: Primitives created: 1
22:10:41 | INFO: Extracting primitive: Cube.111
22:10:41 | INFO: Primitives created: 1
22:10:41 | INFO: Extracting primitive: Cube.112
22:10:41 | INFO: Primitives created: 1
22:10:41 | INFO: Extracting primitive: Text.013
22:10:41 | INFO: Primitives created: 1
22:10:41 | INFO: Extracting primitive: Text.014
22:10:41 | INFO: Primitives created: 1
22:10:41 | INFO: Extracting primitive: Text.015
22:10:41 | INFO: Primitives created: 1
22:10:41 | INFO: Extracting primitive: Text.021
22:10:41 | INFO: Primitives created: 1
22:10:41 | INFO: Extracting primitive: Text.022
22:10:41 | INFO: Primitives created: 1
22:10:41 | INFO: Extracting primitive: Text.023
22:10:41 | INFO: Primitives created: 1
22:10:41 | INFO: Extracting primitive: Text.029
22:10:41 | INFO: Primitives created: 1
22:10:41 | INFO: Extracting primitive: Text.030
22:10:41 | INFO: Primitives created: 1
22:10:41 | INFO: Extracting primitive: Text.031
22:10:41 | INFO: Primitives created: 1
22:10:41 | INFO: Extracting primitive: Cylinder.001
22:10:41 | INFO: Primitives created: 1
22:10:41 | INFO: Extracting primitive: Cylinder.003
22:10:41 | INFO: Primitives created: 1
22:10:41 | INFO: Extracting primitive: Cylinder.006
22:10:41 | INFO: Primitives created: 1
22:10:41 | INFO: Extracting primitive: Cylinder.009
22:10:41 | INFO: Primitives created: 1
22:10:41 | INFO: Extracting primitive: Cylinder.011
22:10:41 | INFO: Primitives created: 1
22:10:41 | INFO: Extracting primitive: Cylinder.013
22:10:41 | INFO: Primitives created: 1
22:10:41 | INFO: Extracting primitive: Cylinder.015
22:10:41 | INFO: Primitives created: 1
22:10:41 | INFO: Extracting primitive: Cylinder.017
22:10:41 | INFO: Primitives created: 1
22:10:41 | INFO: Extracting primitive: Cube.030
22:10:41 | INFO: Primitives created: 1
22:10:41 | INFO: Extracting primitive: Cube.031
22:10:41 | INFO: Primitives created: 1
22:10:41 | INFO: Extracting primitive: Cube.032
22:10:41 | INFO: Primitives created: 1
22:10:41 | INFO: Extracting primitive: Cube.033
22:10:41 | INFO: Primitives created: 1
22:10:41 | INFO: Extracting primitive: Cube.034
22:10:41 | INFO: Primitives created: 1
22:10:41 | INFO: Extracting primitive: Cube.035
22:10:41 | INFO: Primitives created: 1
22:10:41 | INFO: Extracting primitive: Cube.036
22:10:41 | INFO: Primitives created: 1
22:10:41 | INFO: Extracting primitive: Cube.037
22:10:41 | INFO: Primitives created: 1
22:10:41 | INFO: Extracting primitive: Cube.038
22:10:41 | INFO: Primitives created: 1
22:10:41 | INFO: Extracting primitive: Cube.039
22:10:41 | INFO: Primitives created: 1
22:10:41 | INFO: Extracting primitive: Cube.040
22:10:41 | INFO: Primitives created: 1
22:10:41 | INFO: Extracting primitive: Cube.041
22:10:41 | INFO: Primitives created: 1
22:10:41 | INFO: Extracting primitive: Cube.042
22:10:41 | INFO: Primitives created: 1
22:10:41 | INFO: Extracting primitive: Cube.043
22:10:41 | INFO: Primitives created: 1
22:10:41 | INFO: Extracting primitive: Cube.044
22:10:41 | INFO: Primitives created: 1
22:10:41 | INFO: Extracting primitive: Cube.045
22:10:41 | INFO: Primitives created: 1
22:10:41 | INFO: Extracting primitive: Cube.046
22:10:41 | INFO: Primitives created: 1
22:10:41 | INFO: Extracting primitive: Cube.047
22:10:41 | INFO: Primitives created: 1
22:10:41 | INFO: Extracting primitive: Cube.048
22:10:41 | INFO: Primitives created: 1
22:10:41 | INFO: Extracting primitive: Cube.049
22:10:41 | INFO: Primitives created: 1
22:10:41 | INFO: Extracting primitive: Cube.050
22:10:41 | INFO: Primitives created: 1
22:10:41 | INFO: Extracting primitive: Cube.051
22:10:41 | INFO: Primitives created: 1
22:10:41 | INFO: Extracting primitive: Cube.052
22:10:41 | INFO: Primitives created: 1
22:10:41 | INFO: Extracting primitive: Cube.053
22:10:41 | INFO: Primitives created: 1
22:10:41 | INFO: Extracting primitive: Cube.054
22:10:41 | INFO: Primitives created: 1
22:10:41 | INFO: Extracting primitive: Cube.055
22:10:41 | INFO: Primitives created: 1
22:10:41 | INFO: Extracting primitive: Cube.056
22:10:41 | INFO: Primitives created: 1
22:10:41 | INFO: Extracting primitive: Cube.057
22:10:41 | INFO: Primitives created: 1
22:10:41 | INFO: Extracting primitive: Cube.058
22:10:41 | INFO: Primitives created: 1
22:10:41 | INFO: Extracting primitive: Cube.059
22:10:41 | INFO: Primitives created: 1
22:10:41 | INFO: Extracting primitive: Cube.060
22:10:41 | INFO: Primitives created: 1
22:10:41 | INFO: Extracting primitive: Cube.061
22:10:41 | INFO: Primitives created: 1
22:10:41 | INFO: Extracting primitive: Cube.004
22:10:41 | INFO: Primitives created: 1
22:10:41 | INFO: Extracting primitive: Cube.005
22:10:41 | INFO: Primitives created: 1
22:10:41 | INFO: Extracting primitive: Text.003
22:10:41 | INFO: Primitives created: 1
22:10:41 | INFO: Extracting primitive: Text.002
22:10:41 | INFO: Primitives created: 1
22:10:41 | INFO: Extracting primitive: Cube.008
22:10:41 | INFO: Primitives created: 1
22:10:41 | INFO: Extracting primitive: Cube.009
22:10:41 | INFO: Primitives created: 1
22:10:41 | INFO: Extracting primitive: Cube.010
22:10:41 | INFO: Primitives created: 1
22:10:41 | INFO: Extracting primitive: Cube.011
22:10:41 | INFO: Primitives created: 1
22:10:41 | INFO: Extracting primitive: Cube.012
22:10:41 | INFO: Primitives created: 1
22:10:41 | INFO: Extracting primitive: Cube.013
22:10:41 | INFO: Primitives created: 1
22:10:41 | INFO: Extracting primitive: Cube.014
22:10:41 | INFO: Primitives created: 1
22:10:41 | INFO: Extracting primitive: Cube.015
22:10:41 | INFO: Primitives created: 1
22:10:41 | INFO: Extracting primitive: Cube.018
22:10:41 | INFO: Primitives created: 1
22:10:41 | INFO: Extracting primitive: Cube.019
22:10:41 | INFO: Primitives created: 1
22:10:41 | INFO: Extracting primitive: Cube.020
22:10:41 | INFO: Primitives created: 1
22:10:41 | INFO: Extracting primitive: Cube.021
22:10:41 | INFO: Primitives created: 1
22:10:41 | INFO: Extracting primitive: Cube.022
22:10:41 | INFO: Primitives created: 1
22:10:41 | INFO: Extracting primitive: Cube.023
22:10:41 | INFO: Primitives created: 1
22:10:41 | INFO: Extracting primitive: Cube.024
22:10:41 | INFO: Primitives created: 1
22:10:41 | INFO: Extracting primitive: Cube.025
22:10:41 | INFO: Primitives created: 1
22:10:41 | INFO: Extracting primitive: Cube.007
22:10:41 | INFO: Primitives created: 1
22:10:41 | INFO: Extracting primitive: Cube.017
22:10:41 | INFO: Primitives created: 1
22:10:41 | INFO: Extracting primitive: Cube.016
22:10:41 | INFO: Primitives created: 1
22:10:41 | INFO: Extracting primitive: Cube.026
22:10:41 | INFO: Primitives created: 1
22:10:41 | INFO: Extracting primitive: Text.010
22:10:41 | INFO: Primitives created: 1
22:10:41 | INFO: Extracting primitive: Text.018
22:10:41 | INFO: Primitives created: 1
22:10:41 | INFO: Extracting primitive: Text.004
22:10:41 | INFO: Primitives created: 1
22:10:41 | INFO: Extracting primitive: Text.026
22:10:41 | INFO: Primitives created: 1
22:10:41 | INFO: Extracting primitive: Text.012
22:10:41 | INFO: Primitives created: 1
22:10:41 | INFO: Extracting primitive: Text.020
22:10:41 | INFO: Primitives created: 1
22:10:41 | INFO: Extracting primitive: Text.006
22:10:41 | INFO: Primitives created: 1
22:10:42 | INFO: Extracting primitive: Text.028
22:10:42 | INFO: Primitives created: 1
22:10:42 | INFO: Extracting primitive: Text.011
22:10:42 | INFO: Primitives created: 1
22:10:42 | INFO: Extracting primitive: Text.019
22:10:42 | INFO: Primitives created: 1
22:10:42 | INFO: Extracting primitive: Text.005
22:10:42 | INFO: Primitives created: 1
22:10:42 | INFO: Extracting primitive: Text.027
22:10:42 | INFO: Primitives created: 1
22:10:42 | INFO: Finished glTF 2.0 export in 0.39492321014404297 s

Blender 5.2.1 LTS (hash 9e2066aef7ef built 2026-08-25 02:38:20)

Blender quit
